cd /home/mahaloz/kwt/elfmain/decompiler && cargo build --release -p kuna-console -p kuna-harness -p kuna-slacomp -p kuna-cli
   Compiling proc-macro2 v1.0.106
   Compiling quote v1.0.45
   Compiling unicode-ident v1.0.24
   Compiling crc32fast v1.5.0
   Compiling cfg-if v1.0.4
   Compiling adler2 v2.0.1
   Compiling simd-adler32 v0.3.9
   Compiling thiserror v2.0.18
   Compiling memchr v2.8.2
   Compiling version_check v0.9.5
   Compiling object v0.39.1
   Compiling cpp_demangle v0.5.1
   Compiling kuna-decomp v0.1.0 (/home/mahaloz/kwt/elfmain/decompiler/crates/kuna-decomp)
   Compiling itoa v1.0.18
   Compiling bitflags v2.13.0
   Compiling smallvec v1.15.1
   Compiling uuid v1.23.4
   Compiling fallible-iterator v0.2.0
   Compiling miniz_oxide v0.8.9
   Compiling scroll v0.11.0
   Compiling msvc-demangler v0.11.0
   Compiling rustc-demangle v0.1.27
   Compiling gimli v0.33.0
   Compiling kuna-console v0.1.0 (/home/mahaloz/kwt/elfmain/decompiler/crates/kuna-console)
   Compiling slotmap v1.1.1
   Compiling regex-syntax v0.8.11
   Compiling pdb v0.8.0
   Compiling aho-corasick v1.1.4
   Compiling flate2 v1.1.9
   Compiling syn v2.0.117
   Compiling regex-automata v0.4.14
   Compiling thiserror-impl v2.0.18
   Compiling kuna-base v0.1.0 (/home/mahaloz/kwt/elfmain/decompiler/crates/kuna-base)
   Compiling kuna-num v0.1.0 (/home/mahaloz/kwt/elfmain/decompiler/crates/kuna-num)
   Compiling regex v1.12.4
   Compiling kuna-sleigh v0.1.0 (/home/mahaloz/kwt/elfmain/decompiler/crates/kuna-sleigh)
   Compiling kuna-slacomp v0.1.0 (/home/mahaloz/kwt/elfmain/decompiler/crates/kuna-slacomp)
warning: value assigned to `isflipped` is never read
   --> crates/kuna-decomp/src/p3_dataflow/ruleaction_3.rs:285:17
    |
285 |         let mut isflipped = false;
    |                 ^^^^^^^^^
    |
    = help: maybe it is overwritten before being read?
    = note: `#[warn(unused_assignments)]` on by default

warning: function `input_is_recorded_value` is never used
   --> crates/kuna-decomp/src/p2_lift/kuna_loweredswitchvalue.rs:356:15
    |
356 | pub(crate) fn input_is_recorded_value(data: &Funcdata, input: VarnodeId, recorded: &ValueName, size: int4) -> bool {
    |               ^^^^^^^^^^^^^^^^^^^^^^^
    |
    = note: `#[warn(dead_code)]` on by default

warning: function `unimplemented_stub` is never used
    --> crates/kuna-decomp/src/p3_dataflow/heritage.rs:5013:4
     |
5013 | fn unimplemented_stub(what: &str) -> ! {
     |    ^^^^^^^^^^^^^^^^^^

warning: function `computes_a_value` is never used
   --> crates/kuna-decomp/src/p4_calls/kuna_returnuncomputed.rs:101:4
    |
101 | fn computes_a_value(data: &Funcdata, vn: VarnodeId, depth: u32) -> bool {
    |    ^^^^^^^^^^^^^^^^

warning: field `sink` is never read
   --> crates/kuna-decomp/src/p8_structure/kuna_outline.rs:701:5
    |
697 | struct Scratch {
    |        ------- field in this struct
...
701 |     sink: KunaNodeId,
    |     ^^^^

   Compiling kuna-analysis v0.1.0 (/home/mahaloz/kwt/elfmain/decompiler/crates/kuna-analysis)
warning: method `index` is never used
   --> crates/kuna-analysis/src/listing/kuna_pdecode.rs:249:14
    |
214 | impl Refusal {
    | ------------ method in this implementation
...
249 |     const fn index(self) -> usize {
    |              ^^^^^
    |
    = note: `#[warn(dead_code)]` on by default

warning: constant `DIR_TLS` is never used
  --> crates/kuna-analysis/src/upx/pe.rs:55:7
   |
55 | const DIR_TLS: usize = 9;
   |       ^^^^^^^

   Compiling kuna-harness v0.1.0 (/home/mahaloz/kwt/elfmain/decompiler/crates/kuna-harness)
warning: `kuna-analysis` (lib) generated 2 warnings
warning: `kuna-decomp` (lib) generated 5 warnings
   Compiling kuna-cli v0.1.0 (/home/mahaloz/kwt/elfmain/decompiler/crates/kuna-cli)
    Finished `release` profile [optimized] target(s) in 1m 14s
BUILD_RC=0
