  has_capability_cache(arg 1): F None | G ('fileinfo', 13, 'struct_11', 2, 0) | G type 'struct_11 *'
  hash_clear(arg 0): F ('hash_table', 10, 'struct_20', 8, 7) | G ('hash_table', 10, 'struct_30', 8, 7) | G type 'struct_30 *'
  hash_do_for_each(arg 0): F ('hash_table', 10, 'struct_18', 5, 5) | G ('hash_table', 10, 'struct_28', 5, 5) | G type 'struct_28 *'
  hash_find_entry(arg 0): F None | G ('hash_table', 10, 'struct_9', 2, 1) | G type 'struct_9 *'
  hash_free(arg 0): F ('hash_table', 10, 'struct_12', 7, 5) | G ('hash_table', 10, 'struct_16', 7, 5) | G type 'struct_16 *'
  hash_get_entries(arg 0): F ('hash_table', 10, 'struct_18', 5, 5) | G ('hash_table', 10, 'struct_28', 5, 5) | G type 'struct_28 *'
  hash_get_first(arg 0): F ('hash_table', 10, 'struct_18', 5, 5) | G ('hash_table', 10, 'struct_28', 5, 5) | G type 'struct_28 *'
  hash_get_max_bucket_length(arg 0): F ('hash_table', 10, 'struct_18', 5, 5) | G ('hash_table', 10, 'struct_28', 5, 5) | G type 'struct_28 *'
  hash_get_n_buckets(arg 0): F None | G ('hash_table', 10, 'struct_26', 2, 1) | G type 'struct_26 *'
  hash_get_n_buckets_used(arg 0): F None | G ('hash_table', 10, 'struct_27', 2, 1) | G type 'struct_27 *'
  hash_get_n_entries(arg 0): F None | G ('hash_table', 10, 'struct_19', 2, 1) | G type 'struct_19 *'
  hash_lookup(arg 0): F None | G ('hash_table', 10, 'struct_9', 2, 1) | G type 'struct_9 *'
  hash_print_statistics(arg 0): F ('hash_table', 10, 'struct_18', 5, 5) | G ('hash_table', 10, 'struct_19', 2, 1) | G type 'struct_19 *'
  hash_rehash(arg 0): F ('hash_table', 10, 'struct_8', 10, 10) | G ('hash_table', 10, 'struct_12', 10, 10) | G type 'struct_12 *'
  hash_reset_tuning(arg 0): F ('hash_tuning', 5, 'struct_19', 6, 5) | G ('hash_tuning', 5, 'struct_29', 6, 5) | G type 'struct_29 *'
  hash_table_ok(arg 0): F ('hash_table', 10, 'struct_18', 5, 5) | G ('hash_table', 10, 'struct_28', 5, 5) | G type 'struct_28 *'
  is_directory(arg 0): F None | G ('fileinfo', 13, 'struct_17', 2, 1) | G type 'struct_17 *'
  localtime_rz(arg 2): F None | G ('tm', 11, 'struct_22', 2, 1) | G type 'struct_22 *'
  print_name_with_quoting(arg 0): F ('fileinfo', 13, 'struct_17', 5, 4) | G ('fileinfo', 13, 'struct_24', 5, 4) | G type 'struct_24 *'
  record_file(arg 2): F ('stat', 15, 'struct_6', 2, 2) | G ('stat', 15, 'struct_8', 2, 2) | G type 'struct_8 *'
  rpl_timegm(arg 0): F None | G ('tm', 11, 'struct_31', 2, 1) | G type 'struct_31 *'
  safe_hasher(arg 0): F ('hash_table', 10, 'struct_5', 5, 4) | G ('hash_table', 10, 'struct_7', 5, 4) | G type 'struct_7 *'
  save_abbr(arg 1): F None | G ('tm', 11, 'struct_22', 2, 1) | G type 'struct_22 *'
  scratch_buffer_init(arg 0): F ('scratch_buffer', 3, 'struct_10', 2, 2) | G ('scratch_buffer', 3, 'struct_14', 2, 2) | G type 'struct_14 *'
  seen_file(arg 0): F None | G ('hash_table', 0, 'struct_9', 2, 0) | G type 'struct_9 *'
  seen_file(arg 2): F ('stat', 15, 'struct_6', 2, 2) | G ('stat', 15, 'struct_8', 2, 2) | G type 'struct_8 *'
  seen_triple(arg 2): F ('stat', 15, 'struct_6', 2, 2) | G ('stat', 15, 'struct_8', 2, 2) | G type 'struct_8 *'
  transfer_entries(arg 0): F None | G ('hash_table', 10, 'struct_11', 2, 1) | G type 'struct_11 *'
  transfer_entries(arg 1): F ('hash_table', 10, 'struct_18', 5, 5) | G ('hash_table', 10, 'struct_28', 5, 5) | G type 'struct_28 *'
  version_etc_va(arg 4): F ('__va_list_tag', 4, 'struct_21', 4, 4) | G ('__va_list_tag', 4, 'struct_32', 4, 4) | G type 'struct_32 *'
