=== ROUND E DEFAULT
fmt O0: fields-only P=0.9167 (11/12), filler-counted P=0.8824 (15/17), gt=556
fmt O2: fields-only P=1.0 (6/6), filler-counted P=1.0 (8/8), gt=402
ls O0: fields-only P=0.8043 (189/235), filler-counted P=0.7664 (210/274), gt=1761
ls O2: fields-only P=0.8525 (104/122), filler-counted P=0.75 (120/160), gt=800
sort O0: fields-only P=0.8686 (152/175), filler-counted P=0.7864 (173/220), gt=1779
sort O2: fields-only P=0.8796 (95/108), filler-counted P=0.7902 (113/143), gt=1113
du O0: fields-only P=0.9205 (139/151), filler-counted P=0.7951 (163/205), gt=1926
du O2: fields-only P=0.935 (115/123), filler-counted P=0.811 (133/164), gt=1106
POOLED filler counted: precision 935/1191 = 0.7851  recall 935/9443 = 0.0990  F1 0.1759
POOLED fields only: precision 811/932 = 0.8702  recall 811/9443 = 0.0859  F1 0.1563
RC_E=0
=== ROUND D DEFAULT (control, this tree's instrument)
fmt O0: fields-only P=0.9167 (11/12), filler-counted P=0.8824 (15/17), gt=556
fmt O2: fields-only P=1.0 (6/6), filler-counted P=1.0 (8/8), gt=402
ls O0: fields-only P=0.8099 (213/263), filler-counted P=0.758 (238/314), gt=1761
ls O2: fields-only P=0.8618 (131/152), filler-counted P=0.7653 (150/196), gt=800
sort O0: fields-only P=0.8681 (158/182), filler-counted P=0.7826 (180/230), gt=1779
sort O2: fields-only P=0.8814 (104/118), filler-counted P=0.7935 (123/155), gt=1113
du O0: fields-only P=0.9205 (139/151), filler-counted P=0.7951 (163/205), gt=1926
du O2: fields-only P=0.935 (115/123), filler-counted P=0.811 (133/164), gt=1106
POOLED filler counted: precision 1010/1289 = 0.7836  recall 1010/9443 = 0.1070  F1 0.1882
POOLED fields only: precision 877/1007 = 0.8709  recall 877/9443 = 0.0929  F1 0.1678
RC_D=0
=== NEST param vs nest (round E build, 8 builds)
fmt O0     param layoutF P=0.9167 (11/12) R=0.0198 | nest tp=0 pred=0 gt=86 F1=0.0 | structs=4 typed=4
fmt O0     nest  layoutF P=0.9167 (11/12) R=0.0198 | nest tp=0 pred=0 gt=86 F1=0.0 | structs=4 typed=4
fmt O2     param layoutF P=1.0 (6/6) R=0.0149 | nest tp=0 pred=0 gt=62 F1=0.0 | structs=3 typed=2
fmt O2     nest  layoutF P=1.0 (6/6) R=0.0149 | nest tp=0 pred=0 gt=62 F1=0.0 | structs=3 typed=2
ls O0      param layoutF P=0.8043 (189/235) R=0.1073 | nest tp=0 pred=0 gt=176 F1=0.0 | structs=21 typed=42
ls O0      nest  layoutF P=0.8043 (189/235) R=0.1073 | nest tp=0 pred=0 gt=176 F1=0.0 | structs=21 typed=42
ls O2      param layoutF P=0.8525 (104/122) R=0.13 | nest tp=0 pred=0 gt=128 F1=0.0 | structs=26 typed=24
ls O2      nest  layoutF P=0.8525 (104/122) R=0.13 | nest tp=0 pred=0 gt=128 F1=0.0 | structs=26 typed=24
sort O0    param layoutF P=0.8686 (152/175) R=0.0854 | nest tp=0 pred=0 gt=357 F1=0.0 | structs=25 typed=36
sort O0    nest  layoutF P=0.8686 (152/175) R=0.0854 | nest tp=0 pred=0 gt=357 F1=0.0 | structs=25 typed=36
sort O2    param layoutF P=0.8796 (95/108) R=0.0854 | nest tp=0 pred=0 gt=215 F1=0.0 | structs=22 typed=21
sort O2    nest  layoutF P=0.8796 (95/108) R=0.0854 | nest tp=0 pred=0 gt=215 F1=0.0 | structs=22 typed=21
du O0      param layoutF P=0.9205 (139/151) R=0.0722 | nest tp=1 pred=1 gt=391 F1=0.0051 | structs=27 typed=39
du O0      nest  layoutF P=0.9205 (139/151) R=0.0722 | nest tp=1 pred=1 gt=391 F1=0.0051 | structs=27 typed=39
du O2      param layoutF P=0.935 (115/123) R=0.104 | nest tp=2 pred=4 gt=245 F1=0.0161 | structs=29 typed=29
du O2      nest  layoutF P=0.935 (115/123) R=0.104 | nest tp=2 pred=4 gt=245 F1=0.0161 | structs=29 typed=29
POOLED param layout_fields: P 811/932=0.8702 R 811/9443=0.0859 F1 0.1563
POOLED param layout_filler: P 935/1191=0.7851 R 935/9443=0.0990 F1 0.1759
POOLED param nesting: P 3/5=0.6000 R 3/1660=0.0018 F1 0.0036
POOLED param structs=157 typed_params=197
POOLED nest layout_fields: P 811/932=0.8702 R 811/9443=0.0859 F1 0.1563
POOLED nest layout_filler: P 935/1191=0.7851 R 935/9443=0.0990 F1 0.1759
POOLED nest nesting: P 3/5=0.6000 R 3/1660=0.0018 F1 0.0036
POOLED nest structs=157 typed_params=197
RC_NEST=0
LAYOUT_DONE
