=== FINAL (ROUND L) DEFAULT
fmt O0: fields-only P=0.9167 (11/12), filler-counted P=0.8824 (15/17), gt=556
fmt O2: fields-only P=1.0 (6/6), filler-counted P=1.0 (8/8), gt=402
ls O0: fields-only P=0.8047 (206/256), filler-counted P=0.722 (226/313), gt=1761
ls O2: fields-only P=0.8284 (111/134), filler-counted P=0.7095 (127/179), gt=800
sort O0: fields-only P=0.8729 (158/181), filler-counted P=0.7574 (178/235), gt=1779
sort O2: fields-only P=0.8807 (96/109), filler-counted P=0.7862 (114/145), gt=1113
du O0: fields-only P=0.9326 (166/178), filler-counted P=0.7558 (195/258), gt=1926
du O2: fields-only P=0.9403 (126/134), filler-counted P=0.7957 (148/186), gt=1106
POOLED filler counted: precision 1011/1341 = 0.7539  recall 1011/9443 = 0.1071  F1 0.1875
POOLED fields only: precision 880/1010 = 0.8713  recall 880/9443 = 0.0932  F1 0.1684
RC_L=0
=== ROUND I DEFAULT (control, this tree's instrument)
fmt O0: fields-only P=0.9167 (11/12), filler-counted P=0.8824 (15/17), gt=556
fmt O2: fields-only P=1.0 (6/6), filler-counted P=1.0 (8/8), gt=402
ls O0: fields-only P=0.8047 (206/256), filler-counted P=0.722 (226/313), gt=1761
ls O2: fields-only P=0.8284 (111/134), filler-counted P=0.7095 (127/179), gt=800
sort O0: fields-only P=0.8729 (158/181), filler-counted P=0.7574 (178/235), gt=1779
sort O2: fields-only P=0.8807 (96/109), filler-counted P=0.7862 (114/145), gt=1113
du O0: fields-only P=0.9326 (166/178), filler-counted P=0.7558 (195/258), gt=1926
du O2: fields-only P=0.9403 (126/134), filler-counted P=0.7957 (148/186), gt=1106
POOLED filler counted: precision 1011/1341 = 0.7539  recall 1011/9443 = 0.1071  F1 0.1875
POOLED fields only: precision 880/1010 = 0.8713  recall 880/9443 = 0.0932  F1 0.1684
RC_I=0
=== FINAL with structheadless closed (the round-K opt-in)
fmt O0: fields-only P=0.9286 (13/14), filler-counted P=0.8571 (18/21), gt=556
fmt O2: fields-only P=1.0 (6/6), filler-counted P=1.0 (8/8), gt=402
ls O0: fields-only P=0.7862 (250/318), filler-counted P=0.6754 (283/419), gt=1761
ls O2: fields-only P=0.8273 (115/139), filler-counted P=0.7112 (133/187), gt=800
sort O0: fields-only P=0.84 (210/250), filler-counted P=0.6862 (234/341), gt=1779
sort O2: fields-only P=0.8013 (121/151), filler-counted P=0.6931 (140/202), gt=1113
du O0: fields-only P=0.8411 (217/258), filler-counted P=0.6384 (256/401), gt=1926
du O2: fields-only P=0.9007 (136/151), filler-counted P=0.7339 (160/218), gt=1106
POOLED filler counted: precision 1232/1797 = 0.6856  recall 1232/9443 = 0.1305  F1 0.2192
POOLED fields only: precision 1068/1287 = 0.8298  recall 1068/9443 = 0.1131  F1 0.1991
RC_SHL=0
=== NESTING (final build, 8 builds)
fmt O0     param layoutF P=0.9167 (11/12) R=0.0198 | nest tp=0 pred=0 gt=86 F1=0.0 | structs=4 typed=4
fmt O0     nest  layoutF P=0.9167 (11/12) R=0.0198 | nest tp=0 pred=0 gt=86 F1=0.0 | structs=4 typed=4
fmt O2     param layoutF P=1.0 (6/6) R=0.0149 | nest tp=0 pred=0 gt=62 F1=0.0 | structs=3 typed=2
fmt O2     nest  layoutF P=1.0 (6/6) R=0.0149 | nest tp=0 pred=0 gt=62 F1=0.0 | structs=3 typed=2
ls O0      param layoutF P=0.8047 (206/256) R=0.117 | nest tp=0 pred=0 gt=176 F1=0.0 | structs=32 typed=63
ls O0      nest  layoutF P=0.8047 (206/256) R=0.117 | nest tp=0 pred=0 gt=176 F1=0.0 | structs=32 typed=63
ls O2      param layoutF P=0.8284 (111/134) R=0.1388 | nest tp=0 pred=0 gt=128 F1=0.0 | structs=31 typed=31
ls O2      nest  layoutF P=0.8284 (111/134) R=0.1388 | nest tp=0 pred=0 gt=128 F1=0.0 | structs=31 typed=31
sort O0    param layoutF P=0.8729 (158/181) R=0.0888 | nest tp=0 pred=0 gt=357 F1=0.0 | structs=32 typed=45
sort O0    nest  layoutF P=0.8729 (158/181) R=0.0888 | nest tp=0 pred=0 gt=357 F1=0.0 | structs=32 typed=45
sort O2    param layoutF P=0.8807 (96/109) R=0.0863 | nest tp=0 pred=0 gt=215 F1=0.0 | structs=23 typed=22
sort O2    nest  layoutF P=0.8807 (96/109) R=0.0863 | nest tp=0 pred=0 gt=215 F1=0.0 | structs=23 typed=22
du O0      param layoutF P=0.9326 (166/178) R=0.0862 | nest tp=1 pred=1 gt=391 F1=0.0051 | structs=40 typed=61
du O0      nest  layoutF P=0.9326 (166/178) R=0.0862 | nest tp=1 pred=1 gt=391 F1=0.0051 | structs=40 typed=61
du O2      param layoutF P=0.9403 (126/134) R=0.1139 | nest tp=2 pred=4 gt=245 F1=0.0161 | structs=37 typed=40
du O2      nest  layoutF P=0.9403 (126/134) R=0.1139 | nest tp=2 pred=4 gt=245 F1=0.0161 | structs=37 typed=40
POOLED param layout_fields: P 880/1010=0.8713 R 880/9443=0.0932 F1 0.1684
POOLED param layout_filler: P 1011/1341=0.7539 R 1011/9443=0.1071 F1 0.1875
POOLED param nesting: P 3/5=0.6000 R 3/1660=0.0018 F1 0.0036
POOLED param structs=202 typed_params=268
POOLED nest layout_fields: P 880/1010=0.8713 R 880/9443=0.0932 F1 0.1684
POOLED nest layout_filler: P 1011/1341=0.7539 R 1011/9443=0.1071 F1 0.1875
POOLED nest nesting: P 3/5=0.6000 R 3/1660=0.0018 F1 0.0036
POOLED nest structs=202 typed_params=268
RC_NEST=0
LAYOUT_DONE
